分类: 📺央视频道, 名称: CCTV-1, 有效: 5, IPv4: 18, IPv6: 0, 最小延迟: 310 ms, 最高速率: 3.26 M/s, 平均速率: 2.67 M/s, 最高分辨率: 1920x1080
分类: 📺央视频道, 名称: CCTV-2, 有效: 4, IPv4: 10, IPv6: 0, 最小延迟: 300 ms, 最高速率: 8.19 M/s, 平均速率: 4.10 M/s, 最高分辨率: 1920x1080
分类: 📺央视频道, 名称: CCTV-3, 有效: 4, IPv4: 9, IPv6: 0, 最小延迟: 288 ms, 最高速率: 6.91 M/s, 平均速率: 4.86 M/s, 最高分辨率: 1920x1080
分类: 📺央视频道, 名称: CCTV-4, 有效: 5, IPv4: 12, IPv6: 0, 最小延迟: 319 ms, 最高速率: 6.88 M/s, 平均速率: 3.39 M/s, 最高分辨率: 1920x1080
分类: 📺央视频道, 名称: CCTV-6, 有效: 5, IPv4: 11, IPv6: 0, 最小延迟: 348 ms, 最高速率: 4.42 M/s, 平均速率: 3.06 M/s, 最高分辨率: 1280x720
分类: 📺央视频道, 名称: CCTV-5, 有效: 4, IPv4: 13, IPv6: 0, 最小延迟: 287 ms, 最高速率: 3.86 M/s, 平均速率: 1.91 M/s, 最高分辨率: 1920x1080
分类: 📺央视频道, 名称: CCTV-5+, 有效: 2, IPv4: 6, IPv6: 0, 最小延迟: 324 ms, 最高速率: 4.46 M/s, 平均速率: 3.20 M/s, 最高分辨率: 1920x1080
分类: 📺央视频道, 名称: CCTV-7, 有效: 5, IPv4: 11, IPv6: 0, 最小延迟: 311 ms, 最高速率: 6.21 M/s, 平均速率: 3.04 M/s, 最高分辨率: 1920x1080
分类: 📺央视频道, 名称: CCTV-8, 有效: 6, IPv4: 15, IPv6: 0, 最小延迟: 407 ms, 最高速率: 13.50 M/s, 平均速率: 6.27 M/s, 最高分辨率: 1920x1080
分类: 📺央视频道, 名称: CCTV-10, 有效: 5, IPv4: 12, IPv6: 0, 最小延迟: 380 ms, 最高速率: 5.08 M/s, 平均速率: 4.32 M/s, 最高分辨率: 1920x1080
分类: 📺央视频道, 名称: CCTV-9, 有效: 4, IPv4: 11, IPv6: 0, 最小延迟: 465 ms, 最高速率: 4.33 M/s, 平均速率: 3.48 M/s, 最高分辨率: 1920x1080
分类: 📺央视频道, 名称: CCTV-11, 有效: 4, IPv4: 10, IPv6: 0, 最小延迟: 297 ms, 最高速率: 2.90 M/s, 平均速率: 2.20 M/s, 最高分辨率: 1280x720
分类: 📺央视频道, 名称: CCTV-12, 有效: 4, IPv4: 10, IPv6: 0, 最小延迟: 335 ms, 最高速率: 3.57 M/s, 平均速率: 3.31 M/s, 最高分辨率: 1280x720
分类: 📺央视频道, 名称: CCTV-14, 有效: 5, IPv4: 11, IPv6: 0, 最小延迟: 340 ms, 最高速率: 4.06 M/s, 平均速率: 3.72 M/s, 最高分辨率: 1280x720
分类: 📺央视频道, 名称: CCTV-13, 有效: 2, IPv4: 10, IPv6: 0, 最小延迟: 382 ms, 最高速率: 4.78 M/s, 平均速率: 4.67 M/s, 最高分辨率: 1920x1080
分类: 📺央视频道, 名称: CCTV-15, 有效: 5, IPv4: 10, IPv6: 0, 最小延迟: 443 ms, 最高速率: 8.96 M/s, 平均速率: 7.21 M/s, 最高分辨率: 1920x1080
分类: 📺央视频道, 名称: CCTV-16, 有效: 3, IPv4: 8, IPv6: 0, 最小延迟: 406 ms, 最高速率: 4.41 M/s, 平均速率: 2.22 M/s, 最高分辨率: 1920x1080
分类: 📺央视频道, 名称: CCTV-17, 有效: 5, IPv4: 12, IPv6: 0, 最小延迟: 267 ms, 最高速率: 8.10 M/s, 平均速率: 3.55 M/s, 最高分辨率: 1920x1080
分类: 💰央视付费频道, 名称: 央视台球, 有效: 1, IPv4: 2, IPv6: 0, 最小延迟: 1213 ms, 最高速率: 0.98 M/s, 平均速率: 0.98 M/s, 最高分辨率: 1920x1080
分类: 💰央视付费频道, 名称: 文化精品, 有效: 1, IPv4: 3, IPv6: 0, 最小延迟: 44 ms, 最高速率: 126.70 M/s, 平均速率: 126.70 M/s, 最高分辨率: 1920x1080
分类: 💰央视付费频道, 名称: 风云音乐, 有效: 4, IPv4: 5, IPv6: 0, 最小延迟: 37 ms, 最高速率: 143.00 M/s, 平均速率: 59.22 M/s, 最高分辨率: 1920x1080
分类: 💰央视付费频道, 名称: 第一剧场, 有效: 3, IPv4: 5, IPv6: 0, 最小延迟: 35 ms, 最高速率: 139.70 M/s, 平均速率: 94.69 M/s, 最高分辨率: 1920x1080
分类: 📺央视频道, 名称: CETV-1, 有效: 0, IPv4: 1, IPv6: 0, 最小延迟: -1 ms, 最高速率: 0.00 M/s, 平均速率: 0.00 M/s, 最高分辨率: None
分类: 💰央视付费频道, 名称: 风云剧场, 有效: 5, IPv4: 6, IPv6: 0, 最小延迟: 51 ms, 最高速率: 101.60 M/s, 平均速率: 23.98 M/s, 最高分辨率: 1920x1080
分类: 💰央视付费频道, 名称: 怀旧剧场, 有效: 3, IPv4: 4, IPv6: 0, 最小延迟: 37 ms, 最高速率: 131.56 M/s, 平均速率: 44.76 M/s, 最高分辨率: 1920x1080
分类: 💰央视付费频道, 名称: 高尔夫网球, 有效: 1, IPv4: 2, IPv6: 0, 最小延迟: 1118 ms, 最高速率: 0.50 M/s, 平均速率: 0.50 M/s, 最高分辨率: 1280x720
分类: 💰央视付费频道, 名称: 风云足球, 有效: 2, IPv4: 3, IPv6: 0, 最小延迟: 442 ms, 最高速率: 7.92 M/s, 平均速率: 5.76 M/s, 最高分辨率: 1920x1080
分类: 💰央视付费频道, 名称: 兵器科技, 有效: 3, IPv4: 4, IPv6: 0, 最小延迟: 38 ms, 最高速率: 139.31 M/s, 平均速率: 84.93 M/s, 最高分辨率: 1920x1080
分类: 📺央视频道, 名称: CETV-2, 有效: 0, IPv4: 1, IPv6: 0, 最小延迟: -1 ms, 最高速率: 0.00 M/s, 平均速率: 0.00 M/s, 最高分辨率: None
分类: 💰央视付费频道, 名称: 世界地理, 有效: 2, IPv4: 3, IPv6: 0, 最小延迟: 2265 ms, 最高速率: 0.76 M/s, 平均速率: 0.75 M/s, 最高分辨率: 1280x720
分类: 📡卫视频道, 名称: 香港卫视, 有效: 0, IPv4: 2, IPv6: 0, 最小延迟: -1 ms, 最高速率: 0.00 M/s, 平均速率: 0.00 M/s, 最高分辨率: None
分类: 💰央视付费频道, 名称: 女性时尚, 有效: 2, IPv4: 4, IPv6: 0, 最小延迟: 1230 ms, 最高速率: 2.66 M/s, 平均速率: 2.43 M/s, 最高分辨率: 1920x1080
分类: 📡卫视频道, 名称: 广东卫视, 有效: 4, IPv4: 8, IPv6: 0, 最小延迟: 307 ms, 最高速率: 11.59 M/s, 平均速率: 6.99 M/s, 最高分辨率: 1920x1080
分类: 📡卫视频道, 名称: 浙江卫视, 有效: 1, IPv4: 8, IPv6: 0, 最小延迟: 1073 ms, 最高速率: 0.96 M/s, 平均速率: 0.96 M/s, 最高分辨率: 1920x1080
分类: 📡卫视频道, 名称: 湖南卫视, 有效: 5, IPv4: 13, IPv6: 0, 最小延迟: 331 ms, 最高速率: 9.22 M/s, 平均速率: 5.21 M/s, 最高分辨率: 3840x2160
分类: 📡卫视频道, 名称: 北京卫视, 有效: 0, IPv4: 8, IPv6: 0, 最小延迟: 7 ms, 最高速率: 13.86 M/s, 平均速率: 0.00 M/s, 最高分辨率: None
分类: 📡卫视频道, 名称: 湖北卫视, 有效: 3, IPv4: 6, IPv6: 0, 最小延迟: 585 ms, 最高速率: 6.97 M/s, 平均速率: 4.95 M/s, 最高分辨率: 1920x1080
分类: 📡卫视频道, 名称: 黑龙江卫视, 有效: 2, IPv4: 6, IPv6: 0, 最小延迟: 539 ms, 最高速率: 7.51 M/s, 平均速率: 7.49 M/s, 最高分辨率: 1920x1080
分类: 📡卫视频道, 名称: 安徽卫视, 有效: 3, IPv4: 7, IPv6: 0, 最小延迟: 488 ms, 最高速率: 9.76 M/s, 平均速率: 6.65 M/s, 最高分辨率: 1920x1080
分类: 📡卫视频道, 名称: 东方卫视, 有效: 5, IPv4: 10, IPv6: 0, 最小延迟: 450 ms, 最高速率: 8.56 M/s, 平均速率: 7.41 M/s, 最高分辨率: 1920x1080
分类: 📡卫视频道, 名称: 重庆卫视, 有效: 2, IPv4: 7, IPv6: 0, 最小延迟: 480 ms, 最高速率: 8.03 M/s, 平均速率: 6.77 M/s, 最高分辨率: 1920x1080
分类: 📡卫视频道, 名称: 东南卫视, 有效: 1, IPv4: 8, IPv6: 0, 最小延迟: 816 ms, 最高速率: 5.85 M/s, 平均速率: 5.85 M/s, 最高分辨率: 1920x1080
分类: 📡卫视频道, 名称: 甘肃卫视, 有效: 2, IPv4: 4, IPv6: 0, 最小延迟: 520 ms, 最高速率: 9.01 M/s, 平均速率: 8.26 M/s, 最高分辨率: 1920x1080
分类: 📡卫视频道, 名称: 广西卫视, 有效: 3, IPv4: 5, IPv6: 0, 最小延迟: 1180 ms, 最高速率: 2.92 M/s, 平均速率: 2.68 M/s, 最高分辨率: 1920x1080
分类: 📡卫视频道, 名称: 贵州卫视, 有效: 5, IPv4: 11, IPv6: 0, 最小延迟: 40 ms, 最高速率: 132.35 M/s, 平均速率: 33.22 M/s, 最高分辨率: 1920x1080
分类: 📡卫视频道, 名称: 海南卫视, 有效: 1, IPv4: 5, IPv6: 0, 最小延迟: 1915 ms, 最高速率: 0.36 M/s, 平均速率: 0.32 M/s, 最高分辨率: 1920x1080
分类: 📡卫视频道, 名称: 河北卫视, 有效: 2, IPv4: 9, IPv6: 0, 最小延迟: 1146 ms, 最高速率: 3.15 M/s, 平均速率: 1.71 M/s, 最高分辨率: 1920x1080
分类: 📡卫视频道, 名称: 河南卫视, 有效: 3, IPv4: 9, IPv6: 0, 最小延迟: 333 ms, 最高速率: 6.30 M/s, 平均速率: 3.05 M/s, 最高分辨率: 1920x1080
分类: 📡卫视频道, 名称: 吉林卫视, 有效: 2, IPv4: 6, IPv6: 0, 最小延迟: 352 ms, 最高速率: 8.06 M/s, 平均速率: 5.21 M/s, 最高分辨率: 1920x1080
分类: 📡卫视频道, 名称: 江苏卫视, 有效: 2, IPv4: 5, IPv6: 0, 最小延迟: 492 ms, 最高速率: 9.15 M/s, 平均速率: 8.99 M/s, 最高分辨率: 1920x1080
分类: 📡卫视频道, 名称: 江西卫视, 有效: 4, IPv4: 11, IPv6: 0, 最小延迟: 40 ms, 最高速率: 130.43 M/s, 平均速率: 36.84 M/s, 最高分辨率: 1920x1080
分类: 📡卫视频道, 名称: 内蒙古卫视, 有效: 5, IPv4: 9, IPv6: 0, 最小延迟: 42 ms, 最高速率: 128.65 M/s, 平均速率: 49.57 M/s, 最高分辨率: 1920x1080
分类: 📡卫视频道, 名称: 宁夏卫视, 有效: 5, IPv4: 6, IPv6: 0, 最小延迟: 40 ms, 最高速率: 137.54 M/s, 平均速率: 73.70 M/s, 最高分辨率: 1920x1080
分类: 📡卫视频道, 名称: 辽宁卫视, 有效: 1, IPv4: 7, IPv6: 0, 最小延迟: 1187 ms, 最高速率: 3.56 M/s, 平均速率: 3.56 M/s, 最高分辨率: 1920x1080
分类: 📡卫视频道, 名称: 青海卫视, 有效: 2, IPv4: 4, IPv6: 0, 最小延迟: 518 ms, 最高速率: 8.40 M/s, 平均速率: 7.81 M/s, 最高分辨率: 1920x1080
分类: 📡卫视频道, 名称: 山东卫视, 有效: 2, IPv4: 7, IPv6: 0, 最小延迟: 1069 ms, 最高速率: 0.71 M/s, 平均速率: 0.59 M/s, 最高分辨率: 1920x1080
分类: 📡卫视频道, 名称: 陕西卫视, 有效: 3, IPv4: 7, IPv6: 0, 最小延迟: 38 ms, 最高速率: 143.54 M/s, 平均速率: 51.16 M/s, 最高分辨率: 1920x1080
分类: 📡卫视频道, 名称: 山西卫视, 有效: 4, IPv4: 11, IPv6: 0, 最小延迟: 36 ms, 最高速率: 145.49 M/s, 平均速率: 72.40 M/s, 最高分辨率: 1920x1080
分类: 📡卫视频道, 名称: 四川卫视, 有效: 4, IPv4: 13, IPv6: 0, 最小延迟: 36 ms, 最高速率: 138.97 M/s, 平均速率: 65.32 M/s, 最高分辨率: 1920x1080
分类: 📡卫视频道, 名称: 三沙卫视, 有效: 3, IPv4: 6, IPv6: 0, 最小延迟: 584 ms, 最高速率: 6.10 M/s, 平均速率: 3.16 M/s, 最高分辨率: 1920x1080
分类: 📡卫视频道, 名称: 深圳卫视, 有效: 4, IPv4: 11, IPv6: 0, 最小延迟: 578 ms, 最高速率: 7.60 M/s, 平均速率: 3.94 M/s, 最高分辨率: 1920x1080
分类: 📡卫视频道, 名称: 天津卫视, 有效: 2, IPv4: 7, IPv6: 0, 最小延迟: 1488 ms, 最高速率: 2.58 M/s, 平均速率: 2.36 M/s, 最高分辨率: 1920x1080
分类: 📡卫视频道, 名称: 西藏卫视, 有效: 4, IPv4: 6, IPv6: 0, 最小延迟: 36 ms, 最高速率: 140.47 M/s, 平均速率: 39.90 M/s, 最高分辨率: 1920x1080
分类: ☘️上海频道, 名称: 七彩戏剧, 有效: 0, IPv4: 2, IPv6: 0, 最小延迟: -1 ms, 最高速率: 0.00 M/s, 平均速率: 0.00 M/s, 最高分辨率: 1440x1080
分类: ☘️上海频道, 名称: 上海外语, 有效: 0, IPv4: 2, IPv6: 0, 最小延迟: -1 ms, 最高速率: 0.00 M/s, 平均速率: 0.00 M/s, 最高分辨率: 1440x1080
分类: 📡卫视频道, 名称: 新疆卫视, 有效: 3, IPv4: 8, IPv6: 0, 最小延迟: 101 ms, 最高速率: 61.87 M/s, 平均速率: 24.88 M/s, 最高分辨率: 1920x1080
分类: ☘️上海频道, 名称: 上海教育, 有效: 0, IPv4: 1, IPv6: 0, 最小延迟: -1 ms, 最高速率: 0.00 M/s, 平均速率: 0.00 M/s, 最高分辨率: None
分类: ☘️上海频道, 名称: 东方影视, 有效: 0, IPv4: 1, IPv6: 0, 最小延迟: -1 ms, 最高速率: 0.00 M/s, 平均速率: 0.00 M/s, 最高分辨率: None
分类: ☘️上海频道, 名称: 东方财经, 有效: 0, IPv4: 1, IPv6: 0, 最小延迟: -1 ms, 最高速率: 0.00 M/s, 平均速率: 0.00 M/s, 最高分辨率: None
分类: 📡卫视频道, 名称: 云南卫视, 有效: 3, IPv4: 8, IPv6: 0, 最小延迟: 464 ms, 最高速率: 9.85 M/s, 平均速率: 9.34 M/s, 最高分辨率: 1920x1080
分类: ☘️上海频道, 名称: 上海第一财经, 有效: 0, IPv4: 1, IPv6: 0, 最小延迟: 12 ms, 最高速率: 9.40 M/s, 平均速率: 0.00 M/s, 最高分辨率: None
分类: ☘️上海频道, 名称: 动漫秀场, 有效: 0, IPv4: 2, IPv6: 0, 最小延迟: -1 ms, 最高速率: 0.00 M/s, 平均速率: 0.00 M/s, 最高分辨率: None
分类: ☘️上海频道, 名称: 欢笑剧场, 有效: 0, IPv4: 1, IPv6: 0, 最小延迟: -1 ms, 最高速率: 0.00 M/s, 平均速率: 0.00 M/s, 最高分辨率: None
分类: ☘️上海频道, 名称: 法治天地, 有效: 0, IPv4: 1, IPv6: 0, 最小延迟: -1 ms, 最高速率: 0.00 M/s, 平均速率: 0.00 M/s, 最高分辨率: None
分类: ☘️上海频道, 名称: 生活时尚, 有效: 0, IPv4: 1, IPv6: 0, 最小延迟: -1 ms, 最高速率: 0.00 M/s, 平均速率: 0.00 M/s, 最高分辨率: None
分类: ☘️上海频道, 名称: 纪实人文, 有效: 0, IPv4: 1, IPv6: 0, 最小延迟: -1 ms, 最高速率: 0.00 M/s, 平均速率: 0.00 M/s, 最高分辨率: None
分类: ☘️上海频道, 名称: 都市剧场, 有效: 0, IPv4: 2, IPv6: 0, 最小延迟: 13 ms, 最高速率: 9.22 M/s, 平均速率: 0.00 M/s, 最高分辨率: None
分类: ☘️上海频道, 名称: 新闻综合, 有效: 0, IPv4: 1, IPv6: 0, 最小延迟: 2778 ms, 最高速率: 0.31 M/s, 平均速率: 0.00 M/s, 最高分辨率: 1920x1080
分类: ☘️上海频道, 名称: 上海都市, 有效: 0, IPv4: 1, IPv6: 0, 最小延迟: -1 ms, 最高速率: 0.00 M/s, 平均速率: 0.00 M/s, 最高分辨率: None
分类: ☘️江苏频道, 名称: 南京少儿, 有效: 0, IPv4: 1, IPv6: 0, 最小延迟: -1 ms, 最高速率: 0.00 M/s, 平均速率: 0.00 M/s, 最高分辨率: None
分类: ☘️上海频道, 名称: 哈哈炫动, 有效: 0, IPv4: 3, IPv6: 0, 最小延迟: -1 ms, 最高速率: 0.00 M/s, 平均速率: 0.00 M/s, 最高分辨率: None
分类: ☘️上海频道, 名称: 第一财经, 有效: 0, IPv4: 3, IPv6: 0, 最小延迟: 6 ms, 最高速率: 15.08 M/s, 平均速率: 0.00 M/s, 最高分辨率: None
分类: ☘️江苏频道, 名称: 句容党建, 有效: 0, IPv4: 1, IPv6: 0, 最小延迟: 965 ms, 最高速率: 0.12 M/s, 平均速率: 0.00 M/s, 最高分辨率: 720x576
分类: ☘️江苏频道, 名称: 句容影院, 有效: 0, IPv4: 1, IPv6: 0, 最小延迟: 944 ms, 最高速率: 0.13 M/s, 平均速率: 0.00 M/s, 最高分辨率: 720x576
分类: ☘️江苏频道, 名称: 优漫卡通, 有效: 0, IPv4: 3, IPv6: 0, 最小延迟: -1 ms, 最高速率: 0.00 M/s, 平均速率: 0.00 M/s, 最高分辨率: None
分类: ☘️江苏频道, 名称: 滨海新闻综合, 有效: 0, IPv4: 1, IPv6: 0, 最小延迟: -1 ms, 最高速率: 0.00 M/s, 平均速率: 0.00 M/s, 最高分辨率: 1920x1080
分类: ☘️江苏频道, 名称: 句容生活, 有效: 0, IPv4: 1, IPv6: 0, 最小延迟: 1145 ms, 最高速率: 0.17 M/s, 平均速率: 0.00 M/s, 最高分辨率: 720x576
分类: ☘️江苏频道, 名称: 睢宁综合, 有效: 1, IPv4: 1, IPv6: 0, 最小延迟: 638 ms, 最高速率: 0.89 M/s, 平均速率: 0.89 M/s, 最高分辨率: 1280x720
分类: ☘️江苏频道, 名称: 苏州文化生活, 有效: 1, IPv4: 1, IPv6: 0, 最小延迟: 1132 ms, 最高速率: 0.38 M/s, 平均速率: 0.38 M/s, 最高分辨率: 1280x720
分类: ☘️江苏频道, 名称: 苏州新闻综合, 有效: 1, IPv4: 1, IPv6: 0, 最小延迟: 1513 ms, 最高速率: 0.68 M/s, 平均速率: 0.68 M/s, 最高分辨率: 1280x720
分类: ☘️江苏频道, 名称: 苏州生活资讯, 有效: 1, IPv4: 1, IPv6: 0, 最小延迟: 1105 ms, 最高速率: 0.33 M/s, 平均速率: 0.33 M/s, 最高分辨率: 1280x720
分类: ☘️江苏频道, 名称: 苏州社会经济, 有效: 1, IPv4: 1, IPv6: 0, 最小延迟: 940 ms, 最高速率: 1.37 M/s, 平均速率: 1.37 M/s, 最高分辨率: 1280x720
分类: ☘️江苏频道, 名称: 镇江二套社会民生, 有效: 0, IPv4: 1, IPv6: 0, 最小延迟: 1296 ms, 最高速率: 0.14 M/s, 平均速率: 0.00 M/s, 最高分辨率: 1920x1080
分类: ☘️江苏频道, 名称: 武进新闻, 有效: 0, IPv4: 1, IPv6: 0, 最小延迟: 6757 ms, 最高速率: 0.10 M/s, 平均速率: 0.00 M/s, 最高分辨率: 720x576
分类: ☘️湖南频道, 名称: 湖南都市, 有效: 0, IPv4: 2, IPv6: 0, 最小延迟: -1 ms, 最高速率: 0.00 M/s, 平均速率: 0.00 M/s, 最高分辨率: None
分类: ☘️湖南频道, 名称: 湖南视剧, 有效: 0, IPv4: 1, IPv6: 0, 最小延迟: -1 ms, 最高速率: 0.00 M/s, 平均速率: 0.00 M/s, 最高分辨率: None
分类: ☘️湖南频道, 名称: 湖南经视, 有效: 0, IPv4: 1, IPv6: 0, 最小延迟: -1 ms, 最高速率: 0.00 M/s, 平均速率: 0.00 M/s, 最高分辨率: None
分类: ☘️湖南频道, 名称: 湖南电影, 有效: 0, IPv4: 1, IPv6: 0, 最小延迟: -1 ms, 最高速率: 0.00 M/s, 平均速率: 0.00 M/s, 最高分辨率: None
分类: ☘️江苏频道, 名称: 武进生活, 有效: 0, IPv4: 1, IPv6: 0, 最小延迟: 4934 ms, 最高速率: 0.07 M/s, 平均速率: 0.00 M/s, 最高分辨率: 720x576
分类: ☘️湖南频道, 名称: 湖南娱乐, 有效: 0, IPv4: 1, IPv6: 0, 最小延迟: -1 ms, 最高速率: 0.00 M/s, 平均速率: 0.00 M/s, 最高分辨率: None
分类: ☘️湖南频道, 名称: 湖南国际, 有效: 0, IPv4: 1, IPv6: 0, 最小延迟: -1 ms, 最高速率: 0.00 M/s, 平均速率: 0.00 M/s, 最高分辨率: None
分类: ☘️湖南频道, 名称: 金鹰纪实, 有效: 0, IPv4: 1, IPv6: 0, 最小延迟: -1 ms, 最高速率: 0.00 M/s, 平均速率: 0.00 M/s, 最高分辨率: None
分类: ☘️湖南频道, 名称: 长沙新闻, 有效: 0, IPv4: 1, IPv6: 0, 最小延迟: -1 ms, 最高速率: 0.00 M/s, 平均速率: 0.00 M/s, 最高分辨率: None
分类: ☘️湖南频道, 名称: 长沙政法, 有效: 0, IPv4: 1, IPv6: 0, 最小延迟: -1 ms, 最高速率: 0.00 M/s, 平均速率: 0.00 M/s, 最高分辨率: None
分类: ☘️湖南频道, 名称: 长沙女性, 有效: 0, IPv4: 1, IPv6: 0, 最小延迟: -1 ms, 最高速率: 0.00 M/s, 平均速率: 0.00 M/s, 最高分辨率: None
分类: ☘️湖南频道, 名称: 湖南爱晚, 有效: 0, IPv4: 2, IPv6: 0, 最小延迟: -1 ms, 最高速率: 0.00 M/s, 平均速率: 0.00 M/s, 最高分辨率: None
分类: ☘️江苏频道, 名称: 常熟民生, 有效: 0, IPv4: 1, IPv6: 0, 最小延迟: -1 ms, 最高速率: 0.00 M/s, 平均速率: 0.00 M/s, 最高分辨率: None
分类: ☘️江苏频道, 名称: 镇江新闻综合, 有效: 0, IPv4: 1, IPv6: 0, 最小延迟: -1 ms, 最高速率: 0.00 M/s, 平均速率: 0.00 M/s, 最高分辨率: None
分类: ☘️湖北频道, 名称: 武汉经济, 有效: 0, IPv4: 1, IPv6: 0, 最小延迟: -1 ms, 最高速率: 0.00 M/s, 平均速率: 0.00 M/s, 最高分辨率: None
分类: ☘️湖南频道, 名称: 湖南教育, 有效: 0, IPv4: 1, IPv6: 0, 最小延迟: -1 ms, 最高速率: 0.00 M/s, 平均速率: 0.00 M/s, 最高分辨率: None
分类: ☘️湖北频道, 名称: 武汉新闻综合, 有效: 0, IPv4: 1, IPv6: 0, 最小延迟: -1 ms, 最高速率: 0.00 M/s, 平均速率: 0.00 M/s, 最高分辨率: None
分类: ☘️湖北频道, 名称: 湖北经视, 有效: 0, IPv4: 1, IPv6: 0, 最小延迟: -1 ms, 最高速率: 0.00 M/s, 平均速率: 0.00 M/s, 最高分辨率: None
分类: ☘️湖北频道, 名称: 湖北影视, 有效: 0, IPv4: 1, IPv6: 0, 最小延迟: -1 ms, 最高速率: 0.00 M/s, 平均速率: 0.00 M/s, 最高分辨率: None
分类: ☘️湖北频道, 名称: 武汉外语, 有效: 0, IPv4: 1, IPv6: 0, 最小延迟: -1 ms, 最高速率: 0.00 M/s, 平均速率: 0.00 M/s, 最高分辨率: None
分类: ☘️湖北频道, 名称: 十堰新闻, 有效: 0, IPv4: 1, IPv6: 0, 最小延迟: -1 ms, 最高速率: 0.00 M/s, 平均速率: 0.00 M/s, 最高分辨率: None
分类: ☘️湖北频道, 名称: 江夏新闻综合, 有效: 0, IPv4: 1, IPv6: 0, 最小延迟: 2118 ms, 最高速率: 0.18 M/s, 平均速率: 0.00 M/s, 最高分辨率: 720x576
分类: ☘️海南频道, 名称: 海南新闻, 有效: 0, IPv4: 1, IPv6: 0, 最小延迟: 2465 ms, 最高速率: 0.46 M/s, 平均速率: 0.00 M/s, 最高分辨率: 1920x1080
分类: ☘️海南频道, 名称: 海南自贸, 有效: 1, IPv4: 1, IPv6: 0, 最小延迟: 1932 ms, 最高速率: 0.31 M/s, 平均速率: 0.31 M/s, 最高分辨率: 1280x720
分类: ☘️湖北频道, 名称: 湖北公共新闻, 有效: 0, IPv4: 1, IPv6: 0, 最小延迟: -1 ms, 最高速率: 0.00 M/s, 平均速率: 0.00 M/s, 最高分辨率: None
分类: ☘️湖北频道, 名称: 武汉文体, 有效: 0, IPv4: 2, IPv6: 0, 最小延迟: 576 ms, 最高速率: 0.00 M/s, 平均速率: 0.00 M/s, 最高分辨率: 1920x1080
分类: ☘️海南频道, 名称: 海南文旅, 有效: 1, IPv4: 1, IPv6: 0, 最小延迟: 3213 ms, 最高速率: 0.38 M/s, 平均速率: 0.38 M/s, 最高分辨率: 1280x720
分类: ☘️河南频道, 名称: 梨园, 有效: 0, IPv4: 3, IPv6: 0, 最小延迟: 2454 ms, 最高速率: 0.49 M/s, 平均速率: 0.00 M/s, 最高分辨率: 1920x1080
分类: ☘️山东频道, 名称: 山东教育, 有效: 1, IPv4: 1, IPv6: 0, 最小延迟: 2319 ms, 最高速率: 0.22 M/s, 平均速率: 0.22 M/s, 最高分辨率: 1280x720
分类: ☘️河南频道, 名称: 河南都市, 有效: 0, IPv4: 2, IPv6: 0, 最小延迟: 502 ms, 最高速率: 0.00 M/s, 平均速率: 0.00 M/s, 最高分辨率: None
分类: ☘️河南频道, 名称: 河南民生, 有效: 0, IPv4: 1, IPv6: 0, 最小延迟: 764 ms, 最高速率: 0.00 M/s, 平均速率: 0.00 M/s, 最高分辨率: None
分类: ☘️山东频道, 名称: 烟台公共, 有效: 0, IPv4: 1, IPv6: 0, 最小延迟: -1 ms, 最高速率: 0.00 M/s, 平均速率: 0.00 M/s, 最高分辨率: None
分类: ☘️山东频道, 名称: 烟台新闻综合, 有效: 0, IPv4: 1, IPv6: 0, 最小延迟: -1 ms, 最高速率: 0.00 M/s, 平均速率: 0.00 M/s, 最高分辨率: None
分类: ☘️山东频道, 名称: 烟台经济科技, 有效: 0, IPv4: 1, IPv6: 0, 最小延迟: -1 ms, 最高速率: 0.00 M/s, 平均速率: 0.00 M/s, 最高分辨率: None
分类: ☘️安徽频道, 名称: 安徽导视, 有效: 0, IPv4: 1, IPv6: 0, 最小延迟: 1480 ms, 最高速率: 0.31 M/s, 平均速率: 0.00 M/s, 最高分辨率: 1920x1080
分类: ☘️安徽频道, 名称: 安徽影视, 有效: 0, IPv4: 1, IPv6: 0, 最小延迟: -1 ms, 最高速率: 0.00 M/s, 平均速率: 0.00 M/s, 最高分辨率: None
分类: 🌊港·澳·台, 名称: BBC, 有效: 0, IPv4: 1, IPv6: 0, 最小延迟: -1 ms, 最高速率: 0.00 M/s, 平均速率: 0.00 M/s, 最高分辨率: None
分类: ☘️安徽频道, 名称: 广德生活, 有效: 0, IPv4: 1, IPv6: 0, 最小延迟: 2182 ms, 最高速率: 0.45 M/s, 平均速率: 0.00 M/s, 最高分辨率: 1920x1080
分类: ☘️安徽频道, 名称: 固镇新闻, 有效: 0, IPv4: 2, IPv6: 0, 最小延迟: 1048 ms, 最高速率: 0.33 M/s, 平均速率: 0.00 M/s, 最高分辨率: 1920x1080
分类: ☘️安徽频道, 名称: 安徽经济生活, 有效: 0, IPv4: 1, IPv6: 0, 最小延迟: -1 ms, 最高速率: 0.00 M/s, 平均速率: 0.00 M/s, 最高分辨率: None
分类: ☘️安徽频道, 名称: 安徽综艺体育, 有效: 0, IPv4: 1, IPv6: 0, 最小延迟: -1 ms, 最高速率: 0.00 M/s, 平均速率: 0.00 M/s, 最高分辨率: None
分类: 🌊港·澳·台, 名称: 翡翠台, 有效: 0, IPv4: 4, IPv6: 0, 最小延迟: 149 ms, 最高速率: 2.04 M/s, 平均速率: 0.00 M/s, 最高分辨率: 840x480
分类: 🌊港·澳·台, 名称: 明珠台, 有效: 0, IPv4: 2, IPv6: 0, 最小延迟: -1 ms, 最高速率: 0.00 M/s, 平均速率: 0.00 M/s, 最高分辨率: None
分类: 🌊港·澳·台, 名称: 凤凰中文, 有效: 0, IPv4: 8, IPv6: 0, 最小延迟: 507 ms, 最高速率: 0.20 M/s, 平均速率: 0.00 M/s, 最高分辨率: 1280x720
分类: 🌊港·澳·台, 名称: 凤凰资讯, 有效: 0, IPv4: 3, IPv6: 0, 最小延迟: 506 ms, 最高速率: 0.16 M/s, 平均速率: 0.00 M/s, 最高分辨率: 1280x720
分类: 🌊港·澳·台, 名称: 纬来体育, 有效: 0, IPv4: 1, IPv6: 0, 最小延迟: -1 ms, 最高速率: 0.00 M/s, 平均速率: 0.00 M/s, 最高分辨率: 1280x720
分类: 🌊港·澳·台, 名称: 纬来育乐, 有效: 0, IPv4: 1, IPv6: 0, 最小延迟: -1 ms, 最高速率: 0.00 M/s, 平均速率: 0.00 M/s, 最高分辨率: 1280x720
分类: 🌊港·澳·台, 名称: 三立新闻, 有效: 0, IPv4: 1, IPv6: 0, 最小延迟: -1 ms, 最高速率: 0.00 M/s, 平均速率: 0.00 M/s, 最高分辨率: None
分类: 🌊港·澳·台, 名称: 东森综合, 有效: 0, IPv4: 1, IPv6: 0, 最小延迟: -1 ms, 最高速率: 0.00 M/s, 平均速率: 0.00 M/s, 最高分辨率: None
分类: 🌊港·澳·台, 名称: 东森超视, 有效: 0, IPv4: 1, IPv6: 0, 最小延迟: -1 ms, 最高速率: 0.00 M/s, 平均速率: 0.00 M/s, 最高分辨率: 1280x720
分类: 🌊港·澳·台, 名称: 凤凰卫视, 有效: 0, IPv4: 2, IPv6: 0, 最小延迟: 143 ms, 最高速率: 2.02 M/s, 平均速率: 0.00 M/s, 最高分辨率: 840x480
分类: 🌊港·澳·台, 名称: 凤凰香港, 有效: 0, IPv4: 5, IPv6: 0, 最小延迟: 152 ms, 最高速率: 1.97 M/s, 平均速率: 0.00 M/s, 最高分辨率: 1280x720
分类: 🌊港·澳·台, 名称: 东森电影, 有效: 0, IPv4: 2, IPv6: 0, 最小延迟: -1 ms, 最高速率: 0.00 M/s, 平均速率: 0.00 M/s, 最高分辨率: None
分类: 🎬电影频道, 名称: CHC动作电影, 有效: 4, IPv4: 6, IPv6: 0, 最小延迟: 452 ms, 最高速率: 6.30 M/s, 平均速率: 5.27 M/s, 最高分辨率: 1920x1080
分类: 🎬电影频道, 名称: 纬来电影, 有效: 0, IPv4: 1, IPv6: 0, 最小延迟: -1 ms, 最高速率: 0.00 M/s, 平均速率: 0.00 M/s, 最高分辨率: None
分类: 🎬电影频道, 名称: 靖天映画, 有效: 1, IPv4: 1, IPv6: 0, 最小延迟: 377 ms, 最高速率: 2.50 M/s, 平均速率: 2.50 M/s, 最高分辨率: 1920x1080
分类: 🎬电影频道, 名称: 经典电影, 有效: 1, IPv4: 1, IPv6: 0, 最小延迟: 1660 ms, 最高速率: 0.53 M/s, 平均速率: 0.53 M/s, 最高分辨率: 1280x720
分类: 🌊港·澳·台, 名称: J2, 有效: 0, IPv4: 1, IPv6: 0, 最小延迟: -1 ms, 最高速率: 0.00 M/s, 平均速率: 0.00 M/s, 最高分辨率: None
分类: 🎬电影频道, 名称: 龙祥电影, 有效: 1, IPv4: 1, IPv6: 0, 最小延迟: 365 ms, 最高速率: 3.56 M/s, 平均速率: 3.56 M/s, 最高分辨率: 1280x720
分类: 🎬电影频道, 名称: 东森洋片, 有效: 1, IPv4: 2, IPv6: 0, 最小延迟: 371 ms, 最高速率: 1.69 M/s, 平均速率: 1.69 M/s, 最高分辨率: 1280x720
分类: 🏀体育频道, 名称: 劲爆体育, 有效: 0, IPv4: 1, IPv6: 0, 最小延迟: -1 ms, 最高速率: 0.00 M/s, 平均速率: 0.00 M/s, 最高分辨率: None
分类: 🎬电影频道, 名称: CHC家庭影院, 有效: 5, IPv4: 7, IPv6: 0, 最小延迟: 435 ms, 最高速率: 4.70 M/s, 平均速率: 3.99 M/s, 最高分辨率: 1920x1080
分类: 🎬电影频道, 名称: NewTV动作电影, 有效: 0, IPv4: 1, IPv6: 0, 最小延迟: -1 ms, 最高速率: 0.00 M/s, 平均速率: 0.00 M/s, 最高分辨率: None
分类: 🏀体育频道, 名称: 睛彩篮球, 有效: 0, IPv4: 1, IPv6: 0, 最小延迟: -1 ms, 最高速率: 0.00 M/s, 平均速率: 0.00 M/s, 最高分辨率: None
分类: 🏀体育频道, 名称: 睛彩广场舞, 有效: 0, IPv4: 1, IPv6: 0, 最小延迟: -1 ms, 最高速率: 0.00 M/s, 平均速率: 0.00 M/s, 最高分辨率: None
分类: 🏀体育频道, 名称: 魅力足球, 有效: 0, IPv4: 1, IPv6: 0, 最小延迟: -1 ms, 最高速率: 0.00 M/s, 平均速率: 0.00 M/s, 最高分辨率: None
分类: 🏀体育频道, 名称: 广州竞赛, 有效: 0, IPv4: 1, IPv6: 0, 最小延迟: 10225 ms, 最高速率: 0.01 M/s, 平均速率: 0.00 M/s, 最高分辨率: 1280x720
分类: 🎬电影频道, 名称: 星空卫视, 有效: 0, IPv4: 1, IPv6: 0, 最小延迟: -1 ms, 最高速率: 0.00 M/s, 平均速率: 0.00 M/s, 最高分辨率: None
分类: 🪁动画频道, 名称: 新动漫, 有效: 0, IPv4: 1, IPv6: 0, 最小延迟: -1 ms, 最高速率: 0.00 M/s, 平均速率: 0.00 M/s, 最高分辨率: None
分类: 🏀体育频道, 名称: 五星体育, 有效: 0, IPv4: 3, IPv6: 0, 最小延迟: -1 ms, 最高速率: 0.00 M/s, 平均速率: 0.00 M/s, 最高分辨率: None
分类: 🏀体育频道, 名称: 辽宁体育, 有效: 0, IPv4: 1, IPv6: 0, 最小延迟: 10155 ms, 最高速率: 0.06 M/s, 平均速率: 0.00 M/s, 最高分辨率: None
分类: 🏀体育频道, 名称: 快乐垂钓, 有效: 0, IPv4: 2, IPv6: 0, 最小延迟: 549 ms, 最高速率: 0.07 M/s, 平均速率: 0.00 M/s, 最高分辨率: None
分类: 🎮游戏频道, 名称: 游戏风云, 有效: 0, IPv4: 1, IPv6: 0, 最小延迟: -1 ms, 最高速率: 0.00 M/s, 平均速率: 0.00 M/s, 最高分辨率: None
分类: 🪁动画频道, 名称: 浙江少儿, 有效: 0, IPv4: 4, IPv6: 0, 最小延迟: 1440 ms, 最高速率: 0.26 M/s, 平均速率: 0.00 M/s, 最高分辨率: 1920x1080
分类: 🎵音乐频道, 名称: 音乐现场, 有效: 0, IPv4: 1, IPv6: 0, 最小延迟: 12 ms, 最高速率: 9.66 M/s, 平均速率: 0.00 M/s, 最高分辨率: None
分类: 🪁动画频道, 名称: 金鹰卡通, 有效: 0, IPv4: 6, IPv6: 0, 最小延迟: -1 ms, 最高速率: 0.00 M/s, 平均速率: 0.00 M/s, 最高分辨率: None
